main.c:122:6:HAL_UART_RxCpltCallback	16	static
main.c:200:5:_write	24	static
main.c:207:6:debugPrint	16	static
main.c:213:6:debugPrintln	24	static
main.c:227:5:main	32	static
main.c:336:6:SystemClock_Config	88	static
main.c:379:13:MX_NVIC_Init	8	static
main.c:397:13:MX_SPI1_Init	8	static
main.c:435:13:MX_USART1_UART_Init	8	static
main.c:482:13:MX_USART2_UART_Init	8	static
main.c:515:13:MX_GPIO_Init	40	static
main.c:548:8:strcpy_slice	24	static
main.c:565:6:Error_Handler	4	static,ignoring_inline_asm
