main.c:127:6:HAL_UART_RxCpltCallback	16	static
main.c:203:5:_write	24	static
main.c:210:6:debugPrint	16	static
main.c:216:6:debugPrintln	24	static
main.c:230:5:main	32	static
main.c:355:6:SystemClock_Config	88	static
main.c:398:13:MX_NVIC_Init	8	static
main.c:416:13:MX_SPI1_Init	8	static
main.c:454:13:MX_USART1_UART_Init	8	static
main.c:501:13:MX_USART2_UART_Init	8	static
main.c:534:13:MX_GPIO_Init	40	static
main.c:567:8:strcpy_slice	24	static
main.c:584:6:Error_Handler	4	static,ignoring_inline_asm
